// Jest Snapshot v1, https://goo.gl/fbAQLP

exports[`Contact is rendering matches the snapshot 1`] = `
<DocumentFragment>
  <div>
    <h1
      data-testid="contactForm"
    >
      Contact
    </h1>
    <form
      id="contact-form"
    >
      <div
        class="flex-row flex-vertical my-2"
      >
        <div>
          <label
            for="name"
          >
            Name:
          </label>
        </div>
        <div
          class="my-1"
        >
          <input
            name="name"
            type="text"
            value=""
          />
        </div>
      </div>
      <div
        class="flex-row flex-vertical my-2"
      >
        <div>
          <label
            for="email"
          >
            Email address:
          </label>
        </div>
        <div>
          <input
            name="email"
            type="email"
            value=""
          />
        </div>
      </div>
      <div
        class="flex-row flex-vertical my-2"
      >
        <div>
          <label
            for="message"
          >
            Message:
          </label>
        </div>
        <div>
          <textarea
            name="message"
            rows="5"
          />
        </div>
      </div>
      <button
        data-testid="submitButton"
        type="submit"
      >
        Submit
      </button>
    </form>
  </div>
</DocumentFragment>
`;
